// Jest Snapshot v1, https://goo.gl/fbAQLP

exports[`should have initial state 1`] = `
Object {
  "games": Object {
    "error": null,
    "games": Array [],
    "loading": false,
  },
}
`;
