// Jest Snapshot v1, https://goo.gl/fbAQLP

exports[`should render title 1`] = `" Games "`;
